// Jest Snapshot v1, https://goo.gl/fbAQLP

exports[`Treemap picassodef render should render ok 1`] = `
{
  "collections": [
    {
      "data": {
        "hierarchy": {
          "children": [Function],
          "label": [Function],
          "props": {
            "color": {
              "field": "qMeasureInfo/0",
            },
            "customTooltipAttrExps": {
              "field": "qDimensionInfo/0",
              "value": [Function],
            },
            "expressionColor": undefined,
            "expressionColorText": undefined,
            "isNotFetchedOthers": {
              "value": [Function],
            },
            "isNull": {
              "value": [Function],
            },
            "isOther": {
              "value": [Function],
            },
            "select": {
              "field": "qDimensionInfo/0",
              "reduce": [Function],
            },
            "size": {
              "label": [Function],
              "value": [Function],
            },
          },
          "value": [Function],
        },
      },
      "key": "hierarchy",
    },
  ],
  "components": [
    {
      "brush": {
        "consume": [
          {
            "context": "selection",
            "data": [
              "select",
              "fill",
            ],
            "style": {
              "active": {
                "opacity": [Function],
                "stroke": [Function],
                "strokeWidth": [Function],
              },
              "inactive": {
                "opacity": [Function],
              },
            },
          },
        ],
      },
      "data": {
        "collection": {
          "key": "hierarchy",
        },
      },
      "key": "treemap",
      "settings": {
        "box": {
          "fill": undefined,
        },
        "color": {
          "measureScheme": "dc",
          "mode": "byMeasure",
          "others": "#a5a5a5",
          "persistent": false,
        },
        "headerColor": "#F2F2F2",
        "invalidMessage": undefined,
        "labels": {
          "auto": true,
          "headers": true,
          "leaves": true,
          "overlay": true,
          "values": true,
        },
        "rtl": false,
        "selectLevel": 0,
        "showHeaders": false,
        "theme": {
          "_events": {},
          "_maxListeners": undefined,
          "addListener": [Function],
          "emit": [Function],
          "getColorPickerColor": [Function],
          "getContrastingColorTo": [Function],
          "getDataColorPalettes": [Function],
          "getDataColorPickerPalettes": [Function],
          "getDataColorScales": [Function],
          "getDataColorSpecials": [Function],
          "getStyle": [Function],
          "listeners": [Function],
          "name": [Function],
          "on": [Function],
          "once": [Function],
          "removeAllListeners": [Function],
          "removeListener": [Function],
          "setMaxListeners": [Function],
        },
        "translator": undefined,
      },
      "type": "treemap",
    },
    {
      "beforeMount": [Function],
      "beforeUpdate": [Function],
      "destroyed": [Function],
      "key": "tooltip-qcm",
      "layout": {
        "displayOrder": 3,
      },
      "settings": {
        "afterHide": [Function],
        "afterShow": [Function],
        "appendTo": [Function],
        "content": [Function],
        "direction": "ltr",
        "duration": 8000,
        "extract": [Function],
        "filter": [Function],
        "placement": [Function],
      },
      "show": true,
      "style": {
        "arrow": {
          "color": "#404040",
        },
        "cell": {
          "hyphens": "auto",
          "max-width": "180px",
          "overflow-wrap": "break-word",
          "word-break": "break-word",
          "word-wrap": "break-word",
        },
        "content": {
          "background": "rgba(64, 64, 64, 0.9)",
          "border-spacing": "4px",
          "display": "table",
          "empty-cells": "show",
          "fontFamily": "'Source Sans Pro', 'Arial', 'sans-serif'",
          "fontSize": "13px",
          "opacity": "1",
        },
      },
      "type": "tooltip",
    },
    {
      "key": "lasso",
      "layout": {
        "displayOrder": 99,
      },
      "settings": {
        "brush": {
          "components": [
            {
              "action": "add",
              "contexts": [
                "selection",
              ],
              "data": [
                "select",
              ],
              "key": "treemap",
            },
          ],
        },
        "lasso": {
          "fill": "rgba(0, 0, 0, 0)",
          "opacity": 0.7,
          "stroke": "black",
          "strokeDasharray": [],
          "strokeWidth": 2,
        },
        "snapIndicator": {
          "opacity": 0.7,
          "stroke": "black",
          "strokeDasharray": "5, 5",
          "strokeWidth": 2,
          "threshold": 75,
        },
        "startPoint": {
          "opacity": 1,
          "r": 10,
          "stroke": "rgba(77, 192, 78, 1)",
          "strokeWidth": 0,
        },
      },
      "type": "brush-lasso",
    },
  ],
  "interactions": [
    {
      "events": {
        "mouseleave": [Function],
        "mousemove": [Function],
        "mouseup": [Function],
        "wheel": [Function],
      },
      "type": "native",
    },
    {
      "gestures": [
        {
          "events": {
            "tap": [Function],
          },
          "key": "event:tap",
          "options": {
            "enable": [Function],
            "event": "tap",
            "interval": 10,
            "pointers": 1,
          },
          "recognizeWith": undefined,
          "requireFailure": undefined,
          "type": "Tap",
        },
        {
          "events": {
            "lassoend": [Function],
            "lassomove": [Function],
            "lassostart": [Function],
          },
          "key": "event:lasso",
          "options": {
            "enable": [Function],
            "event": "lasso",
          },
          "recognizeWith": undefined,
          "requireFailure": undefined,
          "type": "Pan",
        },
        {
          "events": {
            "tooltipTap": [Function],
          },
          "key": "event:tooltipTap",
          "options": {
            "enable": [Function],
            "event": "tooltipTap",
          },
          "recognizeWith": "tap",
          "type": "Tap",
        },
      ],
      "key": "hammer",
      "type": "hammer",
    },
  ],
  "palettes": undefined,
  "scales": {
    "color": {
      "data": {
        "extract": {
          "field": "qMeasureInfo/0",
        },
      },
      "range": [
        "#ec983d",
        "#deb357",
        "#d0ce71",
        "#c3ea8c",
        "#8ed195",
        "#5ab89e",
        "#26a0a7",
      ],
      "type": "color",
    },
  },
  "strategy": {
    "center": {
      "minHeightRatio": 0,
      "minWidthRatio": 0,
    },
    "layoutModes": {
      "FULL": {
        "height": 450,
        "width": 550,
      },
      "MEDIUM": {
        "height": 220,
        "width": 400,
      },
      "SMALL": {
        "height": 150,
        "width": 300,
      },
      "SPARK": {
        "height": 0,
        "width": 0,
      },
      "XSMALL": {
        "height": 75,
        "width": 150,
      },
    },
    "logicalSize": undefined,
  },
}
`;
